// Jest Snapshot v1, https://goo.gl/fbAQLP

exports[`Landing Component Render Matches Snapshot 1`] = `
<div>
  <div
    class="Landing"
  >
    <div
      class="Landing-heroWrapper"
    >
      <div
        class="Landing-titleWrapper"
      >
        <div
          style="margin: 0px 0px 16px 0px;"
        >
          <h2
            class="SectionTitle"
          >
             
            Learn JavaScript and Front-End Fundamentals.
             
          </h2>
        </div>
        <p
          class="Text Text--xl"
        >
          At your own pace.
        </p>
      </div>
      <div
        class="Landing-courseWrapper"
      >
        <div
          class="Carousel"
        >
          <div
            alt="Previous Course"
            class="Carousel-navigator left"
            role="button"
            tabindex="0"
          >
            <svg
              class="Icon "
              viewBox="0 0 12 12"
            >
              <path
                d="M7.2 10.283L2.914 6 7.2 1.717A1 1 0 1 0 5.783.3L.793 5.293a1 1 0 0 0 0 1.414l4.99 4.99A1 1 0 1 0 7.2 10.283z"
              />
            </svg>
          </div>
          <div
            class="Carousel-listWrapper"
            style="height: 180px; width: 1005px;"
          >
            <div
              class="Carousel-list"
              role="list"
              style="left: 0px;"
            >
              <div
                role="listitem"
              >
                <link
                  class="TrackCard"
                  role="listitem"
                  style="margin-left: 5px; margin-right: 5px; min-width: 325px;"
                  to=""
                >
                  <div
                    class="TrackCard-iconWrap"
                  >
                    <svg
                      class="Icon TrackCard-icon"
                      viewBox="0 0 24 24"
                    >
                      <path
                        d="M0 24h7.67v-2H1.83V2h5.92V0H0M24 0h-7.67v2h5.8v20h-5.92v2H24"
                      />
                    </svg>
                  </div>
                  <div
                    style="margin: 0px 0px 8px 0px;"
                  >
                    <h3
                      class="SectionTitle SectionTitle--uppercase"
                    >
                       
                      
                       
                    </h3>
                  </div>
                  <p
                    class="Text"
                  />
                </link>
              </div>
            </div>
          </div>
          <div
            alt="Next Course"
            class="Carousel-navigator right"
            role="button"
            tabindex="0"
          >
            <svg
              class="Icon "
              viewBox="0 0 12 12"
            >
              <path
                d="M7.5 6a1 1 0 0 0-.293-.707L2.217.3A1 1 0 1 0 .8 1.717L5.086 6 .8 10.283A1 1 0 1 0 2.217 11.7l4.99-4.99A1 1 0 0 0 7.5 6z"
              />
            </svg>
          </div>
        </div>
      </div>
    </div>
    <div
      class="Landing-callOut"
    >
      <p>
        Awesome Learning is Frontend focused learning platform built around
         
        <b>
          deliberate practice
        </b>
        .
      </p>
      <p>
        We designed the courses to be perfect for 
        <b>
          group programming
        </b>
        .
      </p>
    </div>
    <div
      class="ContentSection"
    >
      <header
        class="ContentSection-title ContentSection-title--textLight"
      >
        <h1>
          What's Deliberate Practice?
        </h1>
      </header>
      <div
        class="ContentSection-content Landing-description ContentSection-content--alignLeft"
      >
        <p>
          Deliberate practice involves more than repetition; it requires activities that are designed to improve performance, challenge the learner, and provide feedback.
        </p>
        <a
          class="Link Link--secondary"
          href="https://pwp.gatech.edu/bmeac/2016/02/18/deliberate-practice-and-why-you-should-do-it/"
          target="_blank"
        >
          Learn More
        </a>
      </div>
    </div>
    <div
      class="ContentSection"
    >
      <header
        class="ContentSection-title ContentSection-title--textLight"
      >
        <h1>
          How Do We Apply Deliberate Practice?
        </h1>
      </header>
      <div
        class="ContentSection-content Landing-description ContentSection-content--alignLeft"
      >
        <p
          style="margin: 0px 0px 16px 0px;"
        >
          Each course and lesson are designed to incrementally challenge the learner while providing immediate feedback in the form of quizzes, provided solutions, and guiding comments.
        </p>
        <p
          style="margin: 0px 0px 16px 0px;"
        >
          <b>
            Each course
          </b>
           is comprised of multiple lessons that each build on learnings from the previous lesson, always challenging the learner to reach for new understanding.
        </p>
        <p>
          <b>
            Each lesson
          </b>
           features exercises designed to incrementally increase in complexity to further challenge the user.
        </p>
      </div>
    </div>
    <div
      class="ContentSection"
    >
      <header
        class="ContentSection-title ContentSection-title--textLight"
      >
        <h1>
          Group Focused
        </h1>
      </header>
      <div
        class="ContentSection-content Landing-description ContentSection-content--alignLeft"
      >
        <p
          style="margin: 0px 0px 16px 0px;"
        >
          We believe one of the major separators between "junior" and "senior" developers is technical communication. That's why we strongly suggest running these sessions with a small group, either in person or over a chat client.
        </p>
        <p>
          Over the hundreds of sessions we've run, those who tackle these courses as a group learn faster and become stronger technical communicators, all while building key technical skills.
        </p>
      </div>
    </div>
    <div
      class="ContentSection"
    >
      <header
        class="ContentSection-title ContentSection-title--textLight"
      >
        <h1>
          How it Works
        </h1>
      </header>
      <div
        class="ContentSection-content  ContentSection-content--alignLeft"
      >
        <ol
          class="Landing-list"
        >
          <li
            class="Landing-listItem"
          >
            <h3>
              Gather a Team
            </h3>
            <p
              class="Landing-listItemText"
            >
              We recommend groups of no more than
               
              <a
                class="Link Link--secondary"
                href="https://en.wikipedia.org/wiki/Ringelmann_effect"
                target="_blank"
              >
                five or six people
              </a>
              . Try to build groups with relatively similar abilities across members to keep everyone interested and engaged.
            </p>
          </li>
          <li
            class="Landing-listItem"
          >
            <h3>
              Pick a Course
            </h3>
            <p
              class="Landing-listItemText"
            >
              Start with one of our pre-built courses like array methods, testing, etc. Later you can use the same learning method with other materials and contribute your own course!
            </p>
          </li>
          <li
            class="Landing-listItem"
          >
            <h3>
              Pick a Time
            </h3>
            <p
              class="Landing-listItemText"
            >
              We recommend setting aside an hour to an hour and a half per session, at a cadence of once per week until you complete your course.
            </p>
          </li>
          <li
            class="Landing-listItem"
          >
            <h3>
              Pick a Place
            </h3>
            <p
              class="Landing-listItemText"
            >
              Ideally, each of you has a laptop in a quiet space. Otherwise, find the best way to get your group together at the scheduled time whether in person or remotely.
            </p>
          </li>
        </ol>
      </div>
    </div>
    <div
      class="ContentSection"
    >
      <header
        class="ContentSection-title ContentSection-title--textLight"
      >
        <h1>
          Who is This For?
        </h1>
      </header>
      <div
        class="ContentSection-content Landing-description ContentSection-content--alignLeft"
      >
        <p
          style="margin: 0px 0px 16px 0px;"
        >
          This material is currently used by full time software engineers within Wayfair. We believe beginners, experts, and everyone in between can learn something here.
        </p>
        <p>
          In general, we find that a group of folks motivated to learn and improve both their soft skills and Frontend knowledge will do well here. If there are explicit pre-requisites for a course, they will be clearly stated.
        </p>
      </div>
    </div>
    <div
      class="ContentSection"
    >
      <header
        class="ContentSection-title ContentSection-title--textLight"
      >
        <h1>
          Ready to Get Started?
        </h1>
      </header>
      <div
        class="ContentSection-content  ContentSection-content--alignLeft"
      >
        <div
          style="margin: 0px 0px 16px 0px;"
        >
          <link
            activeclassname=""
            class="Link Link--secondary"
            to="/courses"
          >
            See Our Courses
          </link>
        </div>
        <link
          activeclassname=""
          class="Link Link--secondary"
          to="/howTo"
        >
          Read the Session How-To Guide
        </link>
      </div>
    </div>
  </div>
</div>
`;
