// Jest Snapshot v1, https://goo.gl/fbAQLP

exports[`CourseTemplate renders correctly 1`] = `
Array [
  <StaticQuery
    render={[Function]}
  />,
  <div
    className="Layout"
  >
    <div
      className="Page"
    >
      <div
        className="Page-inner"
      >
        <div
          className="Page-body"
        >
          <div
            className="Course"
          >
            <div
              className="Course-backLink"
            >
              <Link
                activeClassName=""
                className="Link Link--tertiary"
                to="/courses"
              >
                Back to Courses
              </Link>
            </div>
            <div
              className="ContentSection"
            >
              <header
                className="ContentSection-title"
              >
                <h1>
                  test
                </h1>
              </header>
              <div
                className="ContentSection-content  ContentSection-content--alignLeft"
              >
                <p>
                  test
                </p>
              </div>
            </div>
            <ul>
              <li
                className="CourseCard"
              >
                <h3
                  style={
                    Object {
                      "marginBottom": "16px",
                      "marginLeft": "0px",
                      "marginRight": "0px",
                      "marginTop": "0px",
                    }
                  }
                >
                  <Link
                    activeClassName=""
                    className="Link"
                    to="undefinedlink"
                  >
                    this is the title
                  </Link>
                </h3>
                <p
                  style={
                    Object {
                      "marginBottom": "16px",
                      "marginLeft": "0px",
                      "marginRight": "0px",
                      "marginTop": "0px",
                    }
                  }
                >
                  this is the description
                </p>
                <Link
                  activeClassName=""
                  className="Link Link--pill"
                  to="undefinedlink"
                >
                  Learn 
                  this is the title
                </Link>
              </li>
            </ul>
          </div>
        </div>
      </div>
    </div>
  </div>,
]
`;
