// Jest Snapshot v1, https://goo.gl/fbAQLP

exports[`IndexTemplate renders correctly 1`] = `
Array [
  <StaticQuery
    render={[Function]}
  />,
  <div
    className="Layout Layout--fullBleed"
  >
    <div
      className="Landing"
    >
      <div
        className="Landing-heroWrapper"
      >
        <div
          className="Landing-titleWrapper"
        >
          <h1>
            Learn JavaScript and Front-End Fundamentals.
          </h1>
          <h2>
            At your own pace.
          </h2>
        </div>
        <div
          className="Landing-courseWrapper"
        >
          <Link
            className="TrackCard-card"
            to="/courses/Array-Methods/"
          >
            <svg
              style={
                Object {
                  "maxHeight": "30px",
                  "maxWidth": "35px",
                }
              }
              viewBox="0 0 36 50"
              xmlns="http://www.w3.org/2000/svg"
            >
              <g
                fill="#00a7ba"
                fill-rule="nonzero"
              >
                <path
                  d="M8 5c2 0 3-1 3-2 0-2-1-3-3-3H3C1 0 0 1 0 3v43c0 2 1 3 3 3h5c2 0 3-1 3-3 0-1-1-2-3-2H6V5h2zM20 44c-2 0-3 1-3 2 0 2 1 3 3 3h5c2 0 3-1 3-3V3c0-2-1-3-3-3h-5c-2 0-3 1-3 3 0 1 1 2 3 2h3v39h-3z"
                />
              </g>
            </svg>
            <h3
              className="TrackCard-title"
            >
              Array Methods
            </h3>
            <p
              className="TrackCard-text"
            >
              Learn functional array methods like filter, map, and reduce!
            </p>
          </Link>
          <Link
            className="TrackCard-card"
            to="/courses/Data-Types/"
          >
            <svg
              style={
                Object {
                  "maxWidth": "35px",
                }
              }
              viewBox="0 0 32 25"
              xmlns="http://www.w3.org/2000/svg"
            >
              <g
                style={
                  Object {
                    "fill": "none",
                    "fillRule": "nonzero",
                    "stroke": "#00a7ba",
                    "strokeWidth": "2",
                  }
                }
              >
                <path
                  d="M6.62 1h15.94a1 1 0 0 1 .94 1.35l-3.36 9a1 1 0 0 1-.94.65H2.55a1 1 0 0 1-.91-1.41l4.07-9A1 1 0 0 1 6.6 1zM13.62 13h15.94a1 1 0 0 1 .94 1.35l-3.36 9a1 1 0 0 1-.94.65H9.55a1 1 0 0 1-.91-1.41l4.07-9a1 1 0 0 1 .9-.59z"
                />
                <path
                  d="M9.62 7h15.94a1 1 0 0 1 .94 1.35l-3.36 9a1 1 0 0 1-.94.65H5.55a1 1 0 0 1-.91-1.41l4.07-9A1 1 0 0 1 9.6 7z"
                  fill="#F2F2F2"
                />
              </g>
            </svg>
            <h3
              className="TrackCard-title"
            >
              Data Types
            </h3>
            <p
              className="TrackCard-text"
            >
              Deep dive into types, equality, coercion, immutability and more.
            </p>
          </Link>
          <Link
            className="TrackCard-card"
            to="/courses/Promises/"
          >
            <svg
              style={
                Object {
                  "maxWidth": "35px",
                }
              }
              viewBox="0 0 28 28"
              xmlns="http://www.w3.org/2000/svg"
            >
              <g
                style={
                  Object {
                    "fill": "#00a7ba",
                  }
                }
              >
                <path
                  d="M17.1,2.5C12,1,6.2,3,3.3,7.1A1,1,0,0,0,5,8.2c2.4-3.4,7.3-5,11.6-3.8A10.1,10.1,0,0,1,24,13.7l-3-2.2a1,1,0,1,0-1.2,1.6l4.5,3.3,0.6,0.2h0.4a1,1,0,0,0,.6-0.8A12.1,12.1,0,0,0,17.1,2.5Z"
                />
                <path
                  d="M23,19.8c-2.4,3.4-7.3,5-11.6,3.8A10.1,10.1,0,0,1,4,14.3l3,2.2a1,1,0,0,0,1.2-1.6L3.7,11.6a1,1,0,0,0-1.6.7,12.1,12.1,0,0,0,8.7,13.3,13,13,0,0,0,3.5.5,12.6,12.6,0,0,0,10.3-5.1A1,1,0,0,0,23,19.8Z"
                />
              </g>
            </svg>
            <h3
              className="TrackCard-title"
            >
              Promises
            </h3>
            <p
              className="TrackCard-text"
            >
              Learn the Promise API inside and out.
            </p>
          </Link>
          <Link
            className="TrackCard-card"
            to="/courses/Testing/"
          >
            <svg
              style={
                Object {
                  "maxWidth": "35px",
                }
              }
              viewBox="-1 -1 32.39 32.239"
              xmlns="http://www.w3.org/2000/svg"
            >
              <g
                style={
                  Object {
                    "fill": "none",
                    "stroke": "#00a7ba",
                    "strokeWidth": "2",
                  }
                }
              >
                <path
                  d="M20.194,3.46c-4.613-4.613-12.121-4.613-16.734,0c-4.612,4.614-4.612,12.121,0,16.735 c4.108,4.107,10.506,4.547,15.116,1.34c0.097,0.459,0.319,0.897,0.676,1.254l6.718,6.718c0.979,0.977,2.561,0.977,3.535,0 c0.978-0.978,0.978-2.56,0-3.535l-6.718-6.72c-0.355-0.354-0.794-0.577-1.253-0.674C24.743,13.967,24.303,7.57,20.194,3.46z M18.073,18.074c-3.444,3.444-9.049,3.444-12.492,0c-3.442-3.444-3.442-9.048,0-12.492c3.443-3.443,9.048-3.443,12.492,0 C21.517,9.026,21.517,14.63,18.073,18.074z"
                />
              </g>
            </svg>
            <h3
              className="TrackCard-title"
            >
              Testing
            </h3>
            <p
              className="TrackCard-text"
            >
              Learn frontend testing with Jest and Enzyme.
            </p>
          </Link>
        </div>
      </div>
      <div
        className="Landing-callOut"
      >
        <p>
          Awesome Learning is Frontend focused learning platform built around
           
          <b>
            deliberate practice
          </b>
          .
        </p>
        <p>
          We designed the courses to be perfect for 
          <b>
            group programming
          </b>
          .
        </p>
      </div>
      <div
        className="ContentSection"
      >
        <header
          className="ContentSection-title ContentSection-title--textLight"
        >
          <h1>
            What's Deliberate Practice?
          </h1>
        </header>
        <div
          className="ContentSection-content Landing-description ContentSection-content--alignLeft"
        >
          <p>
            Deliberate practice involves more than just repetition; it requires activities that are designed to improve performance, challenge the learner, and provide feedback.
          </p>
          <a
            className="Link Link--secondary"
            href="https://pwp.gatech.edu/bmeac/2016/02/18/deliberate-practice-and-why-you-should-do-it/"
            target="_blank"
          >
            Learn More
          </a>
        </div>
      </div>
      <div
        className="ContentSection"
      >
        <header
          className="ContentSection-title ContentSection-title--textLight"
        >
          <h1>
            How Do We Apply Deliberate Practice?
          </h1>
        </header>
        <div
          className="ContentSection-content Landing-description ContentSection-content--alignLeft"
        >
          <p
            data-enzyme-id="Block-RenderedElement"
            style={
              Object {
                "marginBottom": "16px",
                "marginLeft": "0px",
                "marginRight": "0px",
                "marginTop": "0px",
              }
            }
          >
            Each course and lesson are designed to incrementally challenge the learner while providing immediate feedback in the form of quizzes, provided solutions, and guiding comments.
          </p>
          <p
            data-enzyme-id="Block-RenderedElement"
            style={
              Object {
                "marginBottom": "16px",
                "marginLeft": "0px",
                "marginRight": "0px",
                "marginTop": "0px",
              }
            }
          >
            <b>
              Each course
            </b>
             is comprised of multiple lessons that each build on learnings from the previous lesson, always challenging the learner to reach for new understanding.
          </p>
          <p>
            <b>
              Each lesson
            </b>
             features exercises designed to incrementally increase in complexity to further challenge the user.
          </p>
        </div>
      </div>
      <div
        className="ContentSection"
      >
        <header
          className="ContentSection-title ContentSection-title--textLight"
        >
          <h1>
            Group Focused
          </h1>
        </header>
        <div
          className="ContentSection-content Landing-description ContentSection-content--alignLeft"
        >
          <p
            data-enzyme-id="Block-RenderedElement"
            style={
              Object {
                "marginBottom": "16px",
                "marginLeft": "0px",
                "marginRight": "0px",
                "marginTop": "0px",
              }
            }
          >
            We believe one of the major separators between "junior" and "senior" developers is technical communication. That's why we strongly suggest running these sessions with a small group, either in person or over a chat client.
          </p>
          <p>
            Over the hundreds of sessions we've run, those who tackle these courses as a group learn faster and become stronger technical communicators, all while building key technical skills.
          </p>
        </div>
      </div>
      <div
        className="ContentSection"
      >
        <header
          className="ContentSection-title ContentSection-title--textLight"
        >
          <h1>
            How it Works
          </h1>
        </header>
        <div
          className="ContentSection-content  ContentSection-content--alignLeft"
        >
          <ol
            className="Landing-list"
          >
            <li
              className="Landing-listItem"
            >
              <h3>
                Gather a Team
              </h3>
              <p
                className="Landing-listItemText"
              >
                We recommend groups of no more than
                 
                <a
                  className="Link Link--secondary"
                  href="https://en.wikipedia.org/wiki/Ringelmann_effect"
                  target="_blank"
                >
                  five or six people
                </a>
                . Try to build groups with relatively similar abilities across members to keep everyone interested and engaged.
              </p>
            </li>
            <li
              className="Landing-listItem"
            >
              <h3>
                Pick a Course
              </h3>
              <p
                className="Landing-listItemText"
              >
                Start with one of our pre-built courses like array methods, testing, etc. Later you can use the same learning method with other materials and contribute your own course!
              </p>
            </li>
            <li
              className="Landing-listItem"
            >
              <h3>
                Pick a Time
              </h3>
              <p
                className="Landing-listItemText"
              >
                We recommend setting aside an hour to an hour and a half per session, at a cadence of once per week until you complete your course.
              </p>
            </li>
            <li
              className="Landing-listItem"
            >
              <h3>
                Pick a Place
              </h3>
              <p
                className="Landing-listItemText"
              >
                Ideally, each of you has a laptop in a quiet space. Otherwise, find the best way to get your group together at the scheduled time whether in person or remotely.
              </p>
            </li>
          </ol>
        </div>
      </div>
      <div
        className="ContentSection"
      >
        <header
          className="ContentSection-title ContentSection-title--textLight"
        >
          <h1>
            Who is This For?
          </h1>
        </header>
        <div
          className="ContentSection-content Landing-description ContentSection-content--alignLeft"
        >
          <p
            data-enzyme-id="Block-RenderedElement"
            style={
              Object {
                "marginBottom": "16px",
                "marginLeft": "0px",
                "marginRight": "0px",
                "marginTop": "0px",
              }
            }
          >
            This material is currently used by full time software engineers within Wayfair. We believe beginners, experts, and everyone in between can learn something here.
          </p>
          <p>
            In general, we find that a group of folks motivated to learn and improve both their soft skills and Frontend knowledge will do well here. If there are explicit pre-requisites for a course, they will be clearly stated.
          </p>
        </div>
      </div>
      <div
        className="ContentSection"
      >
        <header
          className="ContentSection-title ContentSection-title--textLight"
        >
          <h1>
            Ready to Get Started?
          </h1>
        </header>
        <div
          className="ContentSection-content  ContentSection-content--alignLeft"
        >
          <div
            data-enzyme-id="Block-RenderedElement"
            style={
              Object {
                "marginBottom": "16px",
                "marginLeft": "0px",
                "marginRight": "0px",
                "marginTop": "0px",
              }
            }
          >
            <Link
              activeClassName=""
              className="Link Link--secondary"
              to="/courses"
            >
              See Our Courses
            </Link>
          </div>
          <Link
            activeClassName=""
            className="Link Link--secondary"
            to="/howTo"
          >
            Read the Session How-To Guide
          </Link>
        </div>
      </div>
    </div>
  </div>,
]
`;
