// Jest Snapshot v1, https://goo.gl/fbAQLP

exports[`CourseTemplate renders correctly 1`] = `
Array [
  <StaticQuery
    render={[Function]}
  />,
  <div
    className="Layout"
  >
    <div
      className="Page"
    >
      <div
        className="Page-inner"
      >
        <div
          className="Page-body"
        >
          <div
            className="Quiz"
          >
            <div
              className="Quiz-homeButton"
            >
              <Link
                activeClassName=""
                className="Link Link--tertiary"
              >
                Back to lesson
              </Link>
            </div>
            <div
              className="ContentSection"
            >
              <header
                className="ContentSection-title"
              >
                <h1>
                  test
                </h1>
                <h2>
                  Pre-Read Quiz
                </h2>
              </header>
              <div
                className="ContentSection-content  ContentSection-content--alignLeft"
              >
                <p>
                  test
                </p>
                <fieldset
                  className="Question"
                  onChange={[Function]}
                >
                  <legend
                    className="Question-legend"
                  >
                    Q1: test1
                  </legend>
                  <div
                    className="Question-choice"
                  >
                    <input
                      className="Question-choiceInput"
                      data-choice-index={0}
                      data-question-index={0}
                      id="question0_choice0"
                      name="question0"
                      type="radio"
                    />
                    <label
                      className="Question-choiceLabel"
                      htmlFor="question0_choice0"
                    />
                  </div>
                  <div
                    className="Question-choice"
                  >
                    <input
                      className="Question-choiceInput"
                      data-choice-index={1}
                      data-question-index={0}
                      id="question0_choice1"
                      name="question0"
                      type="radio"
                    />
                    <label
                      className="Question-choiceLabel"
                      htmlFor="question0_choice1"
                    />
                  </div>
                  <div
                    className="Question-choice"
                  >
                    <input
                      className="Question-choiceInput"
                      data-choice-index={2}
                      data-question-index={0}
                      id="question0_choice2"
                      name="question0"
                      type="radio"
                    />
                    <label
                      className="Question-choiceLabel"
                      htmlFor="question0_choice2"
                    />
                  </div>
                  <div
                    className="Question-choice"
                  >
                    <input
                      className="Question-choiceInput"
                      data-choice-index={3}
                      data-question-index={0}
                      id="question0_choice3"
                      name="question0"
                      type="radio"
                    />
                    <label
                      className="Question-choiceLabel"
                      htmlFor="question0_choice3"
                    />
                  </div>
                </fieldset>
                <fieldset
                  className="Question"
                  onChange={[Function]}
                >
                  <legend
                    className="Question-legend"
                  >
                    Q2: test2
                  </legend>
                  <div
                    className="Question-choice"
                  >
                    <input
                      className="Question-choiceInput"
                      data-choice-index={0}
                      data-question-index={1}
                      id="question1_choice0"
                      name="question1"
                      type="checkbox"
                    />
                    <label
                      className="Question-choiceLabel"
                      htmlFor="question1_choice0"
                    />
                  </div>
                  <div
                    className="Question-choice"
                  >
                    <input
                      className="Question-choiceInput"
                      data-choice-index={1}
                      data-question-index={1}
                      id="question1_choice1"
                      name="question1"
                      type="checkbox"
                    />
                    <label
                      className="Question-choiceLabel"
                      htmlFor="question1_choice1"
                    />
                  </div>
                  <div
                    className="Question-choice"
                  >
                    <input
                      className="Question-choiceInput"
                      data-choice-index={2}
                      data-question-index={1}
                      id="question1_choice2"
                      name="question1"
                      type="checkbox"
                    />
                    <label
                      className="Question-choiceLabel"
                      htmlFor="question1_choice2"
                    />
                  </div>
                  <div
                    className="Question-choice"
                  >
                    <input
                      className="Question-choiceInput"
                      data-choice-index={3}
                      data-question-index={1}
                      id="question1_choice3"
                      name="question1"
                      type="checkbox"
                    />
                    <label
                      className="Question-choiceLabel"
                      htmlFor="question1_choice3"
                    />
                  </div>
                </fieldset>
                <button
                  className="Quiz-submitButton"
                  onClick={[Function]}
                >
                  Submit Quiz
                </button>
              </div>
            </div>
          </div>
        </div>
      </div>
    </div>
  </div>,
]
`;
