// Jest Snapshot v1, https://goo.gl/fbAQLP

exports[`TagTemplate renders correctly 1`] = `
Array [
  <StaticQuery
    render={[Function]}
  />,
  <div
    className="Layout"
  >
    <div
      style={
        Object {
          "boxSizing": "border-box",
          "marginLeft": "auto",
          "marginRight": "auto",
          "paddingLeft": "15px",
          "paddingRight": "15px",
          "position": "relative",
        }
      }
    >
      <div
        style={
          Object {
            "alignItems": "normal",
            "display": "flex",
            "flexGrow": 0,
            "flexShrink": 0,
            "flexWrap": "wrap",
            "justifyContent": "flex-start",
            "marginLeft": "-15px",
            "marginRight": "-15px",
          }
        }
      >
        <div
          style={
            Object {
              "boxSizing": "border-box",
              "flexBasis": 0,
              "flexGrow": 1,
              "flexShrink": 0,
              "left": "auto",
              "marginLeft": "0%",
              "maxWidth": "100%",
              "minHeight": "1px",
              "paddingLeft": "15px",
              "paddingRight": "15px",
              "position": "relative",
              "right": "auto",
              "width": "100%",
            }
          }
        >
          <div
            className="Page"
          >
            <div
              className="Page-inner"
            >
              <h1
                className="Page-title"
              >
                test
              </h1>
              <div
                className="Page-body"
              >
                <div
                  className="CourseList"
                >
                  <div
                    className="CourseList-item"
                  >
                    <Link
                      activeClassName=""
                      className="Link Link--tertiary"
                      to="/test"
                    >
                      test
                    </Link>
                    <div
                      className="CourseList-itemTitle"
                    >
                      <Link
                        activeClassName=""
                        className="Link Link--primary"
                        to="/test_0"
                      >
                        test_0
                      </Link>
                    </div>
                    <p
                      className="CourseList-itemDescription"
                    >
                      test_0
                    </p>
                    <Link
                      activeClassName=""
                      className="Link Link--pill"
                      to="/test_0"
                    >
                      Go Learn
                    </Link>
                  </div>
                  <div
                    className="CourseList-item"
                  >
                    <Link
                      activeClassName=""
                      className="Link Link--tertiary"
                      to="/test"
                    >
                      test
                    </Link>
                    <div
                      className="CourseList-itemTitle"
                    >
                      <Link
                        activeClassName=""
                        className="Link Link--primary"
                        to="/test_1"
                      >
                        test_1
                      </Link>
                    </div>
                    <p
                      className="CourseList-itemDescription"
                    >
                      test_1
                    </p>
                    <Link
                      activeClassName=""
                      className="Link Link--pill"
                      to="/test_1"
                    >
                      Go Learn
                    </Link>
                  </div>
                </div>
                <div
                  className="Pagination"
                >
                  <div
                    className="Pagination-prev"
                  >
                    <Link
                      className="Pagination-prev-link"
                      rel="prev"
                      to="/page/1"
                    >
                      ← PREV
                    </Link>
                  </div>
                  <div
                    className="Pagination-next"
                  >
                    <Link
                      className="Pagination-next-link"
                      rel="next"
                      to="/page/3"
                    >
                      → NEXT
                    </Link>
                  </div>
                </div>
              </div>
            </div>
          </div>
        </div>
      </div>
      <span
        style={
          Object {
            "clear": "both",
            "display": "table",
          }
        }
      />
    </div>
  </div>,
]
`;
