// Jest Snapshot v1, https://goo.gl/fbAQLP

exports[`Tags renders correctly 1`] = `
<div
  className="Tags"
>
  <ul
    className="Tags-list"
  >
    <li
      className="Tags-listItem"
    >
      <Link
        activeClassName=""
        className="Link Link--pill"
        to="/test_0"
      >
        test_0
      </Link>
    </li>
    <li
      className="Tags-listItem"
    >
      <Link
        activeClassName=""
        className="Link Link--pill"
        to="/test_1"
      >
        test_1
      </Link>
    </li>
  </ul>
</div>
`;
